---
source: crates/rusvelte_parser/tests/simple/mod.rs
expression: root
input_file: crates/rusvelte_parser/tests/simple/inputs/expression-tag.svelte
snapshot_kind: text
---
{
  "type": "Root",
  "css": null,
  "start": 0,
  "end": 3,
  "fragment": {
    "type": "Fragment",
    "nodes": [
      {
        "type": "ExpressionTag",
        "start": 0,
        "end": 3,
        "expression": {
          "type": "Literal",
          "start": 1,
          "end": 2,
          "value": 1.0,
          "raw": "1"
        }
      }
    ]
  },
  "module": null,
  "instance": null,
  "options": null
}
